
> react-example@0.0.0 test
> vitest run src/features/jobs/ops/jobsOps.test.tsx


[1m[30m[46m RUN [49m[39m[22m [36mv4.1.10 [39m[90m/app/applet[39m

 [31m❯[39m src/features/jobs/ops/jobsOps.test.tsx [2m([22m[2m14 tests[22m[2m | [22m[31m4 failed[39m[2m)[22m[33m 2954[2mms[22m[39m
     [32m✓[39m undefined ID causes no network call in preview[32m 58[2mms[22m[39m
     [32m✓[39m recruiter can view but cannot mutate[32m 67[2mms[22m[39m
     [32m✓[39m editor can create draft and edit draft[32m 28[2mms[22m[39m
     [32m✓[39m super_admin clicking New Job resolves to /0ps26/jobs/new[32m 18[2mms[22m[39m
     [32m✓[39m editor cannot publish or access lifecycle buttons[32m 109[2mms[22m[39m
[31m     [31m×[31m super_admin lifecycle: draft job -> Publish / Archive works[39m[33m 1161[2mms[22m[39m
     [32m✓[39m super_admin lifecycle: published job -> Close / Feature / Unfeature / Unpublish works[32m 193[2mms[22m[39m
     [32m✓[39m super_admin lifecycle: closed job -> Archive works[32m 65[2mms[22m[39m
     [32m✓[39m archived job renders no lifecycle actions[32m 33[2mms[22m[39m
[31m     [31m×[31m Save Changes payload does NOT contain status, featured, or id[39m[33m 479[2mms[22m[39m
[31m     [31m×[31m successful PATCH preserves returned job.status and lifecycle buttons remain visible after editing a draft[39m[33m 304[2mms[22m[39m
[31m     [31m×[31m successful create returns draft and renders draft lifecycle actions[39m[32m 263[2mms[22m[39m
     [32m✓[39m lifecycle buttons remain correct after PATCH refresh[32m 81[2mms[22m[39m
     [32m✓[39m super_admin lifecycle: handles API failure and alerts user visibly[32m 93[2mms[22m[39m

[2m Test Files [22m [1m[31m1 failed[39m[22m[90m (1)[39m
[2m      Tests [22m [1m[31m4 failed[39m[22m[2m | [22m[1m[32m10 passed[39m[22m[90m (14)[39m
[2m   Start at [22m 17:44:28
[2m   Duration [22m 5.47s[2m (transform 322ms, setup 0ms, import 757ms, tests 2.95s, environment 1.48s)[22m

